gajji@ABHIRAM MINGW64 ~
$ cd d:

gajji@ABHIRAM MINGW64 /d
$ cd git/

gajji@ABHIRAM MINGW64 /d/git
$ cd lab1/

gajji@ABHIRAM MINGW64 /d/git/lab1
$ cat >> file1.txt
hello guys good morning


gajji@ABHIRAM MINGW64 /d/git/lab1
$ git config --global user.name 'Abhi47657'

gajji@ABHIRAM MINGW64 /d/git/lab1
$ git config --global user.email 'abhiramgajji2003@gmail.com'

gajji@ABHIRAM MINGW64 /d/git/lab1
$ git init
Initialized empty Git repository in D:/git/lab1/.git/

gajji@ABHIRAM MINGW64 /d/git/lab1 (master)
$ git status
On branch master

No commits yet

Untracked files:
  (use "git add <file>..." to include in what will be committed)
        file1.txt

nothing added to commit but untracked files present (use "git add" to track)

gajji@ABHIRAM MINGW64 /d/git/lab1 (master)
$ git add file1.txt
warning: in the working copy of 'file1.txt', LF will be replaced by CRLF the next time Git touches it

gajji@ABHIRAM MINGW64 /d/git/lab1 (master)
$ git status
On branch master

No commits yet

Changes to be committed:
  (use "git rm --cached <file>..." to unstage)
        new file:   file1.txt


gajji@ABHIRAM MINGW64 /d/git/lab1 (master)
$ git commit -m 'mycommit'
[master (root-commit) 60cecb5] mycommit
 1 file changed, 1 insertion(+)
 create mode 100644 file1.txt

gajji@ABHIRAM MINGW64 /d/git/lab1 (master)
$ git status
On branch master
nothing to commit, working tree clean

gajji@ABHIRAM MINGW64 /d/git/lab1 (master)
$ git remote add orgin 'https://github.com/Abhi47657/lab1.git'

gajji@ABHIRAM MINGW64 /d/git/lab1 (master)
$ git push orgin master
Enumerating objects: 3, done.
Counting objects: 100% (3/3), done.
Writing objects: 100% (3/3), 239 bytes | 239.00 KiB/s, done.
Total 3 (delta 0), reused 0 (delta 0), pack-reused 0 (from 0)
remote:
remote: Create a pull request for 'master' on GitHub by visiting:
remote:      https://github.com/Abhi47657/lab1/pull/new/master
remote:
To https://github.com/Abhi47657/lab1.git
 * [new branch]      master -> master

gajji@ABHIRAM MINGW64 /d/git/lab1 (master)
$ cat >> file2.txt
this is my second file


gajji@ABHIRAM MINGW64 /d/git/lab1 (master)
$ git status
On branch master
Untracked files:
  (use "git add <file>..." to include in what will be committed)
        file2.txt

nothing added to commit but untracked files present (use "git add" to track)

gajji@ABHIRAM MINGW64 /d/git/lab1 (master)
$ git add file2.txt
warning: in the working copy of 'file2.txt', LF will be replaced by CRLF the next time Git touches it

gajji@ABHIRAM MINGW64 /d/git/lab1 (master)
$ git commit -m 'secondcommit'
[master f986758] secondcommit
 1 file changed, 1 insertion(+)
 create mode 100644 file2.txt

gajji@ABHIRAM MINGW64 /d/git/lab1 (master)
$ git status
On branch master
nothing to commit, working tree clean

gajji@ABHIRAM MINGW64 /d/git/lab1 (master)
$ git push orgin master
Enumerating objects: 4, done.
Counting objects: 100% (4/4), done.
Delta compression using up to 8 threads
Compressing objects: 100% (2/2), done.
Writing objects: 100% (3/3), 294 bytes | 147.00 KiB/s, done.
Total 3 (delta 0), reused 0 (delta 0), pack-reused 0 (from 0)
To https://github.com/Abhi47657/lab1.git
   60cecb5..f986758  master -> master

gajji@ABHIRAM MINGW64 /d/git/lab1 (master)
$ cat >> file3.txtx
this is kasim he;;;;;;


gajji@ABHIRAM MINGW64 /d/git/lab1 (master)
$ git status
On branch master
Untracked files:
  (use "git add <file>..." to include in what will be committed)
        file3.txtx

nothing added to commit but untracked files present (use "git add" to track)

gajji@ABHIRAM MINGW64 /d/git/lab1 (master)
$ git add file3.txt
fatal: pathspec 'file3.txt' did not match any files

gajji@ABHIRAM MINGW64 /d/git/lab1 (master)
$ git add file3.txtx
warning: in the working copy of 'file3.txtx', LF will be replaced by CRLF the next time Git touches it

gajji@ABHIRAM MINGW64 /d/git/lab1 (master)
$ git status
On branch master
Changes to be committed:
  (use "git restore --staged <file>..." to unstage)
        new file:   file3.txtx


gajji@ABHIRAM MINGW64 /d/git/lab1 (master)
$ git commit -m 'mycommit1'
[master aa403c9] mycommit1
 1 file changed, 1 insertion(+)
 create mode 100644 file3.txtx

gajji@ABHIRAM MINGW64 /d/git/lab1 (master)
$ git status
On branch master
nothing to commit, working tree clean

gajji@ABHIRAM MINGW64 /d/git/lab1 (master)
$ git push orgin master
Enumerating objects: 4, done.
Counting objects: 100% (4/4), done.
Delta compression using up to 8 threads
Compressing objects: 100% (2/2), done.
Writing objects: 100% (3/3), 316 bytes | 316.00 KiB/s, done.
Total 3 (delta 0), reused 0 (delta 0), pack-reused 0 (from 0)
To https://github.com/Abhi47657/lab1.git
   f986758..aa403c9  master -> master

gajji@ABHIRAM MINGW64 /d/git/lab1 (master)
$
